// Jest Snapshot v1, https://goo.gl/fbAQLP

exports[`ConfirmationBox should render the component 1`] = `ShallowWrapper {}`;
